Archive member included because of file (symbol)

d:/imt/imt_sdk_win_64/winavr/bin/../lib/gcc/avr/4.3.3/avr5\libgcc.a(_exit.o)
                              d:/imt/imt_sdk_win_64/winavr/bin/../lib/gcc/avr/4.3.3/../../../../avr/lib/avr5/crtm32.o (exit)
d:/imt/imt_sdk_win_64/winavr/bin/../lib/gcc/avr/4.3.3/avr5\libgcc.a(_copy_data.o)
                              ./APP/main.o (__do_copy_data)

Memory Configuration

Name             Origin             Length             Attributes
text             0x00000000         0x00020000         xr
data             0x00800060         0x0000ffa0         rw !x
eeprom           0x00810000         0x00010000         rw !x
fuse             0x00820000         0x00000400         rw !x
lock             0x00830000         0x00000400         rw !x
signature        0x00840000         0x00000400         rw !x
*default*        0x00000000         0xffffffff

Linker script and memory map

LOAD d:/imt/imt_sdk_win_64/winavr/bin/../lib/gcc/avr/4.3.3/../../../../avr/lib/avr5/crtm32.o
LOAD ./MCAL/WDT/WDT_prog.o
LOAD ./MCAL/UART/UART_prog.o
LOAD ./MCAL/Timer0/Timer0_prog.o
LOAD ./MCAL/Global_Interrupt/GIE_prog.o
LOAD ./MCAL/External_Interrupt/EXT_prog.o
LOAD ./MCAL/ADC/ADC_prog.o
LOAD ./MCAL/01-DIO/DIO_prog.o
LOAD ./APP/main.o
LOAD d:/imt/imt_sdk_win_64/winavr/bin/../lib/gcc/avr/4.3.3/avr5\libgcc.a
LOAD d:/imt/imt_sdk_win_64/winavr/bin/../lib/gcc/avr/4.3.3/../../../../avr/lib/avr5\libc.a
LOAD d:/imt/imt_sdk_win_64/winavr/bin/../lib/gcc/avr/4.3.3/avr5\libgcc.a

.hash
 *(.hash)

.dynsym
 *(.dynsym)

.dynstr
 *(.dynstr)

.gnu.version
 *(.gnu.version)

.gnu.version_d
 *(.gnu.version_d)

.gnu.version_r
 *(.gnu.version_r)

.rel.init
 *(.rel.init)

.rela.init
 *(.rela.init)

.rel.text
 *(.rel.text)
 *(.rel.text.*)
 *(.rel.gnu.linkonce.t*)

.rela.text
 *(.rela.text)
 *(.rela.text.*)
 *(.rela.gnu.linkonce.t*)

.rel.fini
 *(.rel.fini)

.rela.fini
 *(.rela.fini)

.rel.rodata
 *(.rel.rodata)
 *(.rel.rodata.*)
 *(.rel.gnu.linkonce.r*)

.rela.rodata
 *(.rela.rodata)
 *(.rela.rodata.*)
 *(.rela.gnu.linkonce.r*)

.rel.data
 *(.rel.data)
 *(.rel.data.*)
 *(.rel.gnu.linkonce.d*)

.rela.data
 *(.rela.data)
 *(.rela.data.*)
 *(.rela.gnu.linkonce.d*)

.rel.ctors
 *(.rel.ctors)

.rela.ctors
 *(.rela.ctors)

.rel.dtors
 *(.rel.dtors)

.rela.dtors
 *(.rela.dtors)

.rel.got
 *(.rel.got)

.rela.got
 *(.rela.got)

.rel.bss
 *(.rel.bss)

.rela.bss
 *(.rela.bss)

.rel.plt
 *(.rel.plt)

.rela.plt
 *(.rela.plt)

.text           0x00000000      0xa72
 *(.vectors)
 .vectors       0x00000000       0x54 d:/imt/imt_sdk_win_64/winavr/bin/../lib/gcc/avr/4.3.3/../../../../avr/lib/avr5/crtm32.o
                0x00000000                __vectors
                0x00000000                __vector_default
 *(.vectors)
 *(.progmem.gcc*)
 *(.progmem*)
                0x00000054                . = ALIGN (0x2)
                0x00000054                __trampolines_start = .
 *(.trampolines)
 .trampolines   0x00000054        0x0 linker stubs
 *(.trampolines*)
                0x00000054                __trampolines_end = .
 *(.jumptables)
 *(.jumptables*)
 *(.lowtext)
 *(.lowtext*)
                0x00000054                __ctors_start = .
 *(.ctors)
                0x00000054                __ctors_end = .
                0x00000054                __dtors_start = .
 *(.dtors)
                0x00000054                __dtors_end = .
 SORT(*)(.ctors)
 SORT(*)(.dtors)
 *(.init0)
 .init0         0x00000054        0x0 d:/imt/imt_sdk_win_64/winavr/bin/../lib/gcc/avr/4.3.3/../../../../avr/lib/avr5/crtm32.o
                0x00000054                __init
 *(.init0)
 *(.init1)
 *(.init1)
 *(.init2)
 .init2         0x00000054        0xc d:/imt/imt_sdk_win_64/winavr/bin/../lib/gcc/avr/4.3.3/../../../../avr/lib/avr5/crtm32.o
 *(.init2)
 *(.init3)
 *(.init3)
 *(.init4)
 .init4         0x00000060       0x16 d:/imt/imt_sdk_win_64/winavr/bin/../lib/gcc/avr/4.3.3/avr5\libgcc.a(_copy_data.o)
                0x00000060                __do_copy_data
 *(.init4)
 *(.init5)
 *(.init5)
 *(.init6)
 *(.init6)
 *(.init7)
 *(.init7)
 *(.init8)
 *(.init8)
 *(.init9)
 .init9         0x00000076        0x8 d:/imt/imt_sdk_win_64/winavr/bin/../lib/gcc/avr/4.3.3/../../../../avr/lib/avr5/crtm32.o
 *(.init9)
 *(.text)
 .text          0x0000007e        0x4 d:/imt/imt_sdk_win_64/winavr/bin/../lib/gcc/avr/4.3.3/../../../../avr/lib/avr5/crtm32.o
                0x0000007e                __vector_1
                0x0000007e                __vector_12
                0x0000007e                __bad_interrupt
                0x0000007e                __vector_6
                0x0000007e                __vector_3
                0x0000007e                __vector_11
                0x0000007e                __vector_13
                0x0000007e                __vector_17
                0x0000007e                __vector_19
                0x0000007e                __vector_7
                0x0000007e                __vector_5
                0x0000007e                __vector_4
                0x0000007e                __vector_9
                0x0000007e                __vector_2
                0x0000007e                __vector_15
                0x0000007e                __vector_8
                0x0000007e                __vector_14
                0x0000007e                __vector_10
                0x0000007e                __vector_16
                0x0000007e                __vector_18
                0x0000007e                __vector_20
 .text          0x00000082        0x0 ./MCAL/WDT/WDT_prog.o
 .text          0x00000082        0x0 ./MCAL/UART/UART_prog.o
 .text          0x00000082        0x0 ./MCAL/Timer0/Timer0_prog.o
 .text          0x00000082        0x0 ./MCAL/Global_Interrupt/GIE_prog.o
 .text          0x00000082        0x0 ./MCAL/External_Interrupt/EXT_prog.o
 .text          0x00000082        0x0 ./MCAL/ADC/ADC_prog.o
 .text          0x00000082        0x0 ./MCAL/01-DIO/DIO_prog.o
 .text          0x00000082        0x0 ./APP/main.o
 .text          0x00000082        0x0 d:/imt/imt_sdk_win_64/winavr/bin/../lib/gcc/avr/4.3.3/avr5\libgcc.a(_exit.o)
 .text          0x00000082        0x0 d:/imt/imt_sdk_win_64/winavr/bin/../lib/gcc/avr/4.3.3/avr5\libgcc.a(_copy_data.o)
                0x00000082                . = ALIGN (0x2)
 *(.text.*)
 .text.WDT_vidSetTimer
                0x00000082       0x32 ./MCAL/WDT/WDT_prog.o
                0x00000082                WDT_vidSetTimer
 .text.WDT_vidEn
                0x000000b4       0x1c ./MCAL/WDT/WDT_prog.o
                0x000000b4                WDT_vidEn
 .text.WDT_vidDisable
                0x000000d0       0x22 ./MCAL/WDT/WDT_prog.o
                0x000000d0                WDT_vidDisable
 .text.UART_vidSend
                0x000000f2       0x1c ./MCAL/UART/UART_prog.o
                0x000000f2                UART_vidSend
 .text.UART_vdReceive
                0x0000010e       0x14 ./MCAL/UART/UART_prog.o
                0x0000010e                UART_vdReceive
 .text.UART_vid_Initialize
                0x00000122       0x7c ./MCAL/UART/UART_prog.o
                0x00000122                UART_vid_Initialize
 .text.TIMR0_VidPWMInit
                0x0000019e       0x8c ./MCAL/Timer0/Timer0_prog.o
                0x0000019e                TIMR0_VidPWMInit
 .text.TIMR0_vidSetOCR0
                0x0000022a       0x1c ./MCAL/Timer0/Timer0_prog.o
                0x0000022a                TIMR0_vidSetOCR0
 .text.TIMR_vidSetICR1A
                0x00000246       0x24 ./MCAL/Timer0/Timer0_prog.o
                0x00000246                TIMR_vidSetICR1A
 .text.TIMR_vidSetOCR1AL
                0x0000026a       0x24 ./MCAL/Timer0/Timer0_prog.o
                0x0000026a                TIMR_vidSetOCR1AL
 .text.GIE_vidEnable
                0x0000028e       0x1c ./MCAL/Global_Interrupt/GIE_prog.o
                0x0000028e                GIE_vidEnable
 .text.GIE_vidDisable
                0x000002aa       0x1c ./MCAL/Global_Interrupt/GIE_prog.o
                0x000002aa                GIE_vidDisable
 .text.EXTI0_vidEnable
                0x000002c6       0x38 ./MCAL/External_Interrupt/EXT_prog.o
                0x000002c6                EXTI0_vidEnable
 .text.ADC_init
                0x000002fe       0x62 ./MCAL/ADC/ADC_prog.o
                0x000002fe                ADC_init
 .text.ADC_u8channel_select
                0x00000360       0x6a ./MCAL/ADC/ADC_prog.o
                0x00000360                ADC_u8channel_select
 .text.DIO_voidSetPinDir
                0x000003ca      0x1e4 ./MCAL/01-DIO/DIO_prog.o
                0x000003ca                DIO_voidSetPinDir
 .text.DIO_voidSetPinValue
                0x000005ae      0x1e4 ./MCAL/01-DIO/DIO_prog.o
                0x000005ae                DIO_voidSetPinValue
 .text.DIO_voidSetPortDir
                0x00000792       0x82 ./MCAL/01-DIO/DIO_prog.o
                0x00000792                DIO_voidSetPortDir
 .text.DIO_voidSetPortValue
                0x00000814       0x82 ./MCAL/01-DIO/DIO_prog.o
                0x00000814                DIO_voidSetPortValue
 .text.DIO_enuGetPinValue
                0x00000896       0xf2 ./MCAL/01-DIO/DIO_prog.o
                0x00000896                DIO_enuGetPinValue
 .text.DIO_u8GetPortValue
                0x00000988       0x82 ./MCAL/01-DIO/DIO_prog.o
                0x00000988                DIO_u8GetPortValue
 .text.main     0x00000a0a       0x64 ./APP/main.o
                0x00000a0a                main
 .text.libgcc   0x00000a6e        0x0 d:/imt/imt_sdk_win_64/winavr/bin/../lib/gcc/avr/4.3.3/avr5\libgcc.a(_exit.o)
 .text.libgcc   0x00000a6e        0x0 d:/imt/imt_sdk_win_64/winavr/bin/../lib/gcc/avr/4.3.3/avr5\libgcc.a(_copy_data.o)
                0x00000a6e                . = ALIGN (0x2)
 *(.fini9)
 .fini9         0x00000a6e        0x0 d:/imt/imt_sdk_win_64/winavr/bin/../lib/gcc/avr/4.3.3/avr5\libgcc.a(_exit.o)
                0x00000a6e                exit
                0x00000a6e                _exit
 *(.fini9)
 *(.fini8)
 *(.fini8)
 *(.fini7)
 *(.fini7)
 *(.fini6)
 *(.fini6)
 *(.fini5)
 *(.fini5)
 *(.fini4)
 *(.fini4)
 *(.fini3)
 *(.fini3)
 *(.fini2)
 *(.fini2)
 *(.fini1)
 *(.fini1)
 *(.fini0)
 .fini0         0x00000a6e        0x4 d:/imt/imt_sdk_win_64/winavr/bin/../lib/gcc/avr/4.3.3/avr5\libgcc.a(_exit.o)
 *(.fini0)
                0x00000a72                _etext = .

.data           0x00800060        0x2 load address 0x00000a72
                0x00800060                PROVIDE (__data_start, .)
 *(.data)
 .data          0x00800060        0x0 d:/imt/imt_sdk_win_64/winavr/bin/../lib/gcc/avr/4.3.3/../../../../avr/lib/avr5/crtm32.o
 .data          0x00800060        0x0 ./MCAL/WDT/WDT_prog.o
 .data          0x00800060        0x0 ./MCAL/UART/UART_prog.o
 .data          0x00800060        0x0 ./MCAL/Timer0/Timer0_prog.o
 .data          0x00800060        0x0 ./MCAL/Global_Interrupt/GIE_prog.o
 .data          0x00800060        0x0 ./MCAL/External_Interrupt/EXT_prog.o
 .data          0x00800060        0x0 ./MCAL/ADC/ADC_prog.o
 .data          0x00800060        0x0 ./MCAL/01-DIO/DIO_prog.o
 .data          0x00800060        0x2 ./APP/main.o
 .data          0x00800062        0x0 d:/imt/imt_sdk_win_64/winavr/bin/../lib/gcc/avr/4.3.3/avr5\libgcc.a(_exit.o)
 .data          0x00800062        0x0 d:/imt/imt_sdk_win_64/winavr/bin/../lib/gcc/avr/4.3.3/avr5\libgcc.a(_copy_data.o)
 *(.data*)
 *(.rodata)
 *(.rodata*)
 *(.gnu.linkonce.d*)
                0x00800062                . = ALIGN (0x2)
                0x00800062                _edata = .
                0x00800062                PROVIDE (__data_end, .)

.bss            0x00800062        0x0
                0x00800062                PROVIDE (__bss_start, .)
 *(.bss)
 .bss           0x00800062        0x0 d:/imt/imt_sdk_win_64/winavr/bin/../lib/gcc/avr/4.3.3/../../../../avr/lib/avr5/crtm32.o
 .bss           0x00800062        0x0 ./MCAL/WDT/WDT_prog.o
 .bss           0x00800062        0x0 ./MCAL/UART/UART_prog.o
 .bss           0x00800062        0x0 ./MCAL/Timer0/Timer0_prog.o
 .bss           0x00800062        0x0 ./MCAL/Global_Interrupt/GIE_prog.o
 .bss           0x00800062        0x0 ./MCAL/External_Interrupt/EXT_prog.o
 .bss           0x00800062        0x0 ./MCAL/ADC/ADC_prog.o
 .bss           0x00800062        0x0 ./MCAL/01-DIO/DIO_prog.o
 .bss           0x00800062        0x0 ./APP/main.o
 .bss           0x00800062        0x0 d:/imt/imt_sdk_win_64/winavr/bin/../lib/gcc/avr/4.3.3/avr5\libgcc.a(_exit.o)
 .bss           0x00800062        0x0 d:/imt/imt_sdk_win_64/winavr/bin/../lib/gcc/avr/4.3.3/avr5\libgcc.a(_copy_data.o)
 *(.bss*)
 *(COMMON)
                0x00800062                PROVIDE (__bss_end, .)
                0x00000a72                __data_load_start = LOADADDR (.data)
                0x00000a74                __data_load_end = (__data_load_start + SIZEOF (.data))

.noinit         0x00800062        0x0
                0x00800062                PROVIDE (__noinit_start, .)
 *(.noinit*)
                0x00800062                PROVIDE (__noinit_end, .)
                0x00800062                _end = .
                0x00800062                PROVIDE (__heap_start, .)

.eeprom         0x00810000        0x0
 *(.eeprom*)
                0x00810000                __eeprom_end = .

.fuse
 *(.fuse)
 *(.lfuse)
 *(.hfuse)
 *(.efuse)

.lock
 *(.lock*)

.signature
 *(.signature*)

.stab           0x00000000     0x1830
 *(.stab)
 .stab          0x00000000      0x234 ./MCAL/WDT/WDT_prog.o
 .stab          0x00000234      0x2c4 ./MCAL/UART/UART_prog.o
                                0x2d0 (size before relaxing)
 .stab          0x000004f8      0x2b8 ./MCAL/Timer0/Timer0_prog.o
                                0x2c4 (size before relaxing)
 .stab          0x000007b0      0x1d4 ./MCAL/Global_Interrupt/GIE_prog.o
                                0x1e0 (size before relaxing)
 .stab          0x00000984      0x1bc ./MCAL/External_Interrupt/EXT_prog.o
                                0x1c8 (size before relaxing)
 .stab          0x00000b40      0x288 ./MCAL/ADC/ADC_prog.o
                                0x294 (size before relaxing)
 .stab          0x00000dc8      0x648 ./MCAL/01-DIO/DIO_prog.o
                                0x654 (size before relaxing)
 .stab          0x00001410      0x420 ./APP/main.o
                                0x42c (size before relaxing)

.stabstr        0x00000000      0xdea
 *(.stabstr)
 .stabstr       0x00000000      0xdea ./MCAL/WDT/WDT_prog.o

.stab.excl
 *(.stab.excl)

.stab.exclstr
 *(.stab.exclstr)

.stab.index
 *(.stab.index)

.stab.indexstr
 *(.stab.indexstr)

.comment
 *(.comment)

.debug
 *(.debug)

.line
 *(.line)

.debug_srcinfo
 *(.debug_srcinfo)

.debug_sfnames
 *(.debug_sfnames)

.debug_aranges
 *(.debug_aranges)

.debug_pubnames
 *(.debug_pubnames)

.debug_info
 *(.debug_info)
 *(.gnu.linkonce.wi.*)

.debug_abbrev
 *(.debug_abbrev)

.debug_line
 *(.debug_line)

.debug_frame
 *(.debug_frame)

.debug_str
 *(.debug_str)

.debug_loc
 *(.debug_loc)

.debug_macinfo
 *(.debug_macinfo)
OUTPUT(07_UART.elf elf32-avr)
LOAD linker stubs
