Archive member included because of file (symbol)

d:/imt/imt_sdk_win_64/winavr/bin/../lib/gcc/avr/4.3.3/avr5\libgcc.a(_exit.o)
                              d:/imt/imt_sdk_win_64/winavr/bin/../lib/gcc/avr/4.3.3/../../../../avr/lib/avr5/crtm32.o (exit)

Memory Configuration

Name             Origin             Length             Attributes
text             0x00000000         0x00020000         xr
data             0x00800060         0x0000ffa0         rw !x
eeprom           0x00810000         0x00010000         rw !x
fuse             0x00820000         0x00000400         rw !x
lock             0x00830000         0x00000400         rw !x
signature        0x00840000         0x00000400         rw !x
*default*        0x00000000         0xffffffff

Linker script and memory map

LOAD d:/imt/imt_sdk_win_64/winavr/bin/../lib/gcc/avr/4.3.3/../../../../avr/lib/avr5/crtm32.o
LOAD ./MCAL/WDT/WDT_prog.o
LOAD ./MCAL/UART/UART_prog.o
LOAD ./MCAL/Timer0/Timer0_prog.o
LOAD ./MCAL/Global_Interrupt/GIE_prog.o
LOAD ./MCAL/External_Interrupt/EXT_prog.o
LOAD ./MCAL/ADC/ADC_prog.o
LOAD ./MCAL/01-DIO/DIO_prog.o
LOAD ./APP/main.o
LOAD d:/imt/imt_sdk_win_64/winavr/bin/../lib/gcc/avr/4.3.3/avr5\libgcc.a
LOAD d:/imt/imt_sdk_win_64/winavr/bin/../lib/gcc/avr/4.3.3/../../../../avr/lib/avr5\libc.a
LOAD d:/imt/imt_sdk_win_64/winavr/bin/../lib/gcc/avr/4.3.3/avr5\libgcc.a

.hash
 *(.hash)

.dynsym
 *(.dynsym)

.dynstr
 *(.dynstr)

.gnu.version
 *(.gnu.version)

.gnu.version_d
 *(.gnu.version_d)

.gnu.version_r
 *(.gnu.version_r)

.rel.init
 *(.rel.init)

.rela.init
 *(.rela.init)

.rel.text
 *(.rel.text)
 *(.rel.text.*)
 *(.rel.gnu.linkonce.t*)

.rela.text
 *(.rela.text)
 *(.rela.text.*)
 *(.rela.gnu.linkonce.t*)

.rel.fini
 *(.rel.fini)

.rela.fini
 *(.rela.fini)

.rel.rodata
 *(.rel.rodata)
 *(.rel.rodata.*)
 *(.rel.gnu.linkonce.r*)

.rela.rodata
 *(.rela.rodata)
 *(.rela.rodata.*)
 *(.rela.gnu.linkonce.r*)

.rel.data
 *(.rel.data)
 *(.rel.data.*)
 *(.rel.gnu.linkonce.d*)

.rela.data
 *(.rela.data)
 *(.rela.data.*)
 *(.rela.gnu.linkonce.d*)

.rel.ctors
 *(.rel.ctors)

.rela.ctors
 *(.rela.ctors)

.rel.dtors
 *(.rel.dtors)

.rela.dtors
 *(.rela.dtors)

.rel.got
 *(.rel.got)

.rela.got
 *(.rela.got)

.rel.bss
 *(.rel.bss)

.rela.bss
 *(.rela.bss)

.rel.plt
 *(.rel.plt)

.rela.plt
 *(.rela.plt)

.text           0x00000000      0x424
 *(.vectors)
 .vectors       0x00000000       0x54 d:/imt/imt_sdk_win_64/winavr/bin/../lib/gcc/avr/4.3.3/../../../../avr/lib/avr5/crtm32.o
                0x00000000                __vectors
                0x00000000                __vector_default
 *(.vectors)
 *(.progmem.gcc*)
 *(.progmem*)
                0x00000054                . = ALIGN (0x2)
                0x00000054                __trampolines_start = .
 *(.trampolines)
 .trampolines   0x00000054        0x0 linker stubs
 *(.trampolines*)
                0x00000054                __trampolines_end = .
 *(.jumptables)
 *(.jumptables*)
 *(.lowtext)
 *(.lowtext*)
                0x00000054                __ctors_start = .
 *(.ctors)
                0x00000054                __ctors_end = .
                0x00000054                __dtors_start = .
 *(.dtors)
                0x00000054                __dtors_end = .
 SORT(*)(.ctors)
 SORT(*)(.dtors)
 *(.init0)
 .init0         0x00000054        0x0 d:/imt/imt_sdk_win_64/winavr/bin/../lib/gcc/avr/4.3.3/../../../../avr/lib/avr5/crtm32.o
                0x00000054                __init
 *(.init0)
 *(.init1)
 *(.init1)
 *(.init2)
 .init2         0x00000054        0xc d:/imt/imt_sdk_win_64/winavr/bin/../lib/gcc/avr/4.3.3/../../../../avr/lib/avr5/crtm32.o
 *(.init2)
 *(.init3)
 *(.init3)
 *(.init4)
 *(.init4)
 *(.init5)
 *(.init5)
 *(.init6)
 *(.init6)
 *(.init7)
 *(.init7)
 *(.init8)
 *(.init8)
 *(.init9)
 .init9         0x00000060        0x8 d:/imt/imt_sdk_win_64/winavr/bin/../lib/gcc/avr/4.3.3/../../../../avr/lib/avr5/crtm32.o
 *(.init9)
 *(.text)
 .text          0x00000068        0x4 d:/imt/imt_sdk_win_64/winavr/bin/../lib/gcc/avr/4.3.3/../../../../avr/lib/avr5/crtm32.o
                0x00000068                __vector_1
                0x00000068                __vector_12
                0x00000068                __bad_interrupt
                0x00000068                __vector_6
                0x00000068                __vector_3
                0x00000068                __vector_11
                0x00000068                __vector_13
                0x00000068                __vector_17
                0x00000068                __vector_19
                0x00000068                __vector_7
                0x00000068                __vector_5
                0x00000068                __vector_4
                0x00000068                __vector_9
                0x00000068                __vector_2
                0x00000068                __vector_15
                0x00000068                __vector_8
                0x00000068                __vector_14
                0x00000068                __vector_10
                0x00000068                __vector_16
                0x00000068                __vector_18
                0x00000068                __vector_20
 .text          0x0000006c        0x0 ./MCAL/WDT/WDT_prog.o
 .text          0x0000006c        0x0 ./MCAL/UART/UART_prog.o
 .text          0x0000006c        0x0 ./MCAL/Timer0/Timer0_prog.o
 .text          0x0000006c        0x0 ./MCAL/Global_Interrupt/GIE_prog.o
 .text          0x0000006c        0x0 ./MCAL/External_Interrupt/EXT_prog.o
 .text          0x0000006c        0x0 ./MCAL/ADC/ADC_prog.o
 .text          0x0000006c        0x0 ./MCAL/01-DIO/DIO_prog.o
 .text          0x0000006c        0x0 ./APP/main.o
 .text          0x0000006c        0x0 d:/imt/imt_sdk_win_64/winavr/bin/../lib/gcc/avr/4.3.3/avr5\libgcc.a(_exit.o)
                0x0000006c                . = ALIGN (0x2)
 *(.text.*)
 .text.WDT_vidSetTimer
                0x0000006c        0xe ./MCAL/WDT/WDT_prog.o
                0x0000006c                WDT_vidSetTimer
 .text.WDT_vidEn
                0x0000007a        0x8 ./MCAL/WDT/WDT_prog.o
                0x0000007a                WDT_vidEn
 .text.WDT_vidDisable
                0x00000082        0xa ./MCAL/WDT/WDT_prog.o
                0x00000082                WDT_vidDisable
 .text.UART_vidSend
                0x0000008c        0x8 ./MCAL/UART/UART_prog.o
                0x0000008c                UART_vidSend
 .text.UART_vdReceive
                0x00000094        0x8 ./MCAL/UART/UART_prog.o
                0x00000094                UART_vdReceive
 .text.UART_vid_Initialize
                0x0000009c       0x14 ./MCAL/UART/UART_prog.o
                0x0000009c                UART_vid_Initialize
 .text.TIMR0_VidPWMInit
                0x000000b0       0x38 ./MCAL/Timer0/Timer0_prog.o
                0x000000b0                TIMR0_VidPWMInit
 .text.TIMR0_vidSetOCR0
                0x000000e8        0x4 ./MCAL/Timer0/Timer0_prog.o
                0x000000e8                TIMR0_vidSetOCR0
 .text.TIMR_vidSetICR1A
                0x000000ec        0x6 ./MCAL/Timer0/Timer0_prog.o
                0x000000ec                TIMR_vidSetICR1A
 .text.TIMR_vidSetOCR1AL
                0x000000f2        0x6 ./MCAL/Timer0/Timer0_prog.o
                0x000000f2                TIMR_vidSetOCR1AL
 .text.GIE_vidEnable
                0x000000f8        0x8 ./MCAL/Global_Interrupt/GIE_prog.o
                0x000000f8                GIE_vidEnable
 .text.GIE_vidDisable
                0x00000100        0x8 ./MCAL/Global_Interrupt/GIE_prog.o
                0x00000100                GIE_vidDisable
 .text.EXTI0_vidEnable
                0x00000108       0x14 ./MCAL/External_Interrupt/EXT_prog.o
                0x00000108                EXTI0_vidEnable
 .text.ADC_init
                0x0000011c        0xe ./MCAL/ADC/ADC_prog.o
                0x0000011c                ADC_init
 .text.ADC_u8channel_select
                0x0000012a       0x18 ./MCAL/ADC/ADC_prog.o
                0x0000012a                ADC_u8channel_select
 .text.DIO_voidSetPinDir
                0x00000142       0xf2 ./MCAL/01-DIO/DIO_prog.o
                0x00000142                DIO_voidSetPinDir
 .text.DIO_voidSetPinValue
                0x00000234       0xf2 ./MCAL/01-DIO/DIO_prog.o
                0x00000234                DIO_voidSetPinValue
 .text.DIO_voidSetPortDir
                0x00000326       0x22 ./MCAL/01-DIO/DIO_prog.o
                0x00000326                DIO_voidSetPortDir
 .text.DIO_voidSetPortValue
                0x00000348       0x22 ./MCAL/01-DIO/DIO_prog.o
                0x00000348                DIO_voidSetPortValue
 .text.DIO_enuGetPinValue
                0x0000036a       0x3e ./MCAL/01-DIO/DIO_prog.o
                0x0000036a                DIO_enuGetPinValue
 .text.DIO_u8GetPortValue
                0x000003a8       0x22 ./MCAL/01-DIO/DIO_prog.o
                0x000003a8                DIO_u8GetPortValue
 .text.main     0x000003ca       0x56 ./APP/main.o
                0x000003ca                main
 .text.libgcc   0x00000420        0x0 d:/imt/imt_sdk_win_64/winavr/bin/../lib/gcc/avr/4.3.3/avr5\libgcc.a(_exit.o)
                0x00000420                . = ALIGN (0x2)
 *(.fini9)
 .fini9         0x00000420        0x0 d:/imt/imt_sdk_win_64/winavr/bin/../lib/gcc/avr/4.3.3/avr5\libgcc.a(_exit.o)
                0x00000420                exit
                0x00000420                _exit
 *(.fini9)
 *(.fini8)
 *(.fini8)
 *(.fini7)
 *(.fini7)
 *(.fini6)
 *(.fini6)
 *(.fini5)
 *(.fini5)
 *(.fini4)
 *(.fini4)
 *(.fini3)
 *(.fini3)
 *(.fini2)
 *(.fini2)
 *(.fini1)
 *(.fini1)
 *(.fini0)
 .fini0         0x00000420        0x4 d:/imt/imt_sdk_win_64/winavr/bin/../lib/gcc/avr/4.3.3/avr5\libgcc.a(_exit.o)
 *(.fini0)
                0x00000424                _etext = .

.data           0x00800060        0x0 load address 0x00000424
                0x00800060                PROVIDE (__data_start, .)
 *(.data)
 .data          0x00800060        0x0 d:/imt/imt_sdk_win_64/winavr/bin/../lib/gcc/avr/4.3.3/../../../../avr/lib/avr5/crtm32.o
 .data          0x00800060        0x0 ./MCAL/WDT/WDT_prog.o
 .data          0x00800060        0x0 ./MCAL/UART/UART_prog.o
 .data          0x00800060        0x0 ./MCAL/Timer0/Timer0_prog.o
 .data          0x00800060        0x0 ./MCAL/Global_Interrupt/GIE_prog.o
 .data          0x00800060        0x0 ./MCAL/External_Interrupt/EXT_prog.o
 .data          0x00800060        0x0 ./MCAL/ADC/ADC_prog.o
 .data          0x00800060        0x0 ./MCAL/01-DIO/DIO_prog.o
 .data          0x00800060        0x0 ./APP/main.o
 .data          0x00800060        0x0 d:/imt/imt_sdk_win_64/winavr/bin/../lib/gcc/avr/4.3.3/avr5\libgcc.a(_exit.o)
 *(.data*)
 *(.rodata)
 *(.rodata*)
 *(.gnu.linkonce.d*)
                0x00800060                . = ALIGN (0x2)
                0x00800060                _edata = .
                0x00800060                PROVIDE (__data_end, .)

.bss            0x00800060        0x0
                0x00800060                PROVIDE (__bss_start, .)
 *(.bss)
 .bss           0x00800060        0x0 d:/imt/imt_sdk_win_64/winavr/bin/../lib/gcc/avr/4.3.3/../../../../avr/lib/avr5/crtm32.o
 .bss           0x00800060        0x0 ./MCAL/WDT/WDT_prog.o
 .bss           0x00800060        0x0 ./MCAL/UART/UART_prog.o
 .bss           0x00800060        0x0 ./MCAL/Timer0/Timer0_prog.o
 .bss           0x00800060        0x0 ./MCAL/Global_Interrupt/GIE_prog.o
 .bss           0x00800060        0x0 ./MCAL/External_Interrupt/EXT_prog.o
 .bss           0x00800060        0x0 ./MCAL/ADC/ADC_prog.o
 .bss           0x00800060        0x0 ./MCAL/01-DIO/DIO_prog.o
 .bss           0x00800060        0x0 ./APP/main.o
 .bss           0x00800060        0x0 d:/imt/imt_sdk_win_64/winavr/bin/../lib/gcc/avr/4.3.3/avr5\libgcc.a(_exit.o)
 *(.bss*)
 *(COMMON)
                0x00800060                PROVIDE (__bss_end, .)
                0x00000424                __data_load_start = LOADADDR (.data)
                0x00000424                __data_load_end = (__data_load_start + SIZEOF (.data))

.noinit         0x00800060        0x0
                0x00800060                PROVIDE (__noinit_start, .)
 *(.noinit*)
                0x00800060                PROVIDE (__noinit_end, .)
                0x00800060                _end = .
                0x00800060                PROVIDE (__heap_start, .)

.eeprom         0x00810000        0x0
 *(.eeprom*)
                0x00810000                __eeprom_end = .

.fuse
 *(.fuse)
 *(.lfuse)
 *(.hfuse)
 *(.efuse)

.lock
 *(.lock*)

.signature
 *(.signature*)

.stab
 *(.stab)

.stabstr
 *(.stabstr)

.stab.excl
 *(.stab.excl)

.stab.exclstr
 *(.stab.exclstr)

.stab.index
 *(.stab.index)

.stab.indexstr
 *(.stab.indexstr)

.comment
 *(.comment)

.debug
 *(.debug)

.line
 *(.line)

.debug_srcinfo
 *(.debug_srcinfo)

.debug_sfnames
 *(.debug_sfnames)

.debug_aranges
 *(.debug_aranges)

.debug_pubnames
 *(.debug_pubnames)

.debug_info
 *(.debug_info)
 *(.gnu.linkonce.wi.*)

.debug_abbrev
 *(.debug_abbrev)

.debug_line
 *(.debug_line)

.debug_frame
 *(.debug_frame)

.debug_str
 *(.debug_str)

.debug_loc
 *(.debug_loc)

.debug_macinfo
 *(.debug_macinfo)
OUTPUT(07_UART.elf elf32-avr)
LOAD linker stubs
